1,101,1,200,50,101,2,3
1,102,1,200,50,102,3,4
1,103,1,200,50,103,1,1
2,101,2,200,200,101,2,3
