101,2,3,104,104,2,1,101
101,2,3,104,104,2,2,101
102,3,4,101,2,3,1,102
102,3,4,101,2,3,3,102
103,1,1,103,1,1,1,103
