104,101
104,101
104,102
104,102
104,103
104,104
