200,50,1
200,200,2
100,105,3
100,50,4
100,500,5
300,400,6