101,2,104
101,2,104
102,3,101
102,3,101
103,1,103
