101,1,101
101,2,101
102,1,102
102,3,102
103,1,103
104,4,104
