101,50
101,105
101,200
101,400
101,500
102,50
102,105
102,200
102,400
102,500
103,50
103,105
103,200
103,400
103,500
104,50
104,105
104,200
104,400
104,500
107,50
107,105
107,200
107,400
107,500
