1,103,101
1,103,102
1,103,103
1,103,104
2,101,101
2,101,102
2,101,103
2,101,104
2,107,101
2,107,102
2,107,103
2,107,104
3,102,101
3,102,102
3,102,103
3,102,104
104,104,101
104,104,102
104,104,103
104,104,104
