101,2,3,104,104,2,103,1,1,1,200,50,3,100,105
102,3,4,101,2,3,103,1,1,1,200,50,4,100,50
101,2,3,104,104,2,101,2,3,2,200,200,3,100,105
101,2,3,104,104,2,107,2,8,2,200,200,3,100,105
102,3,4,101,2,3,101,2,3,2,200,200,4,100,50
102,3,4,101,2,3,107,2,8,2,200,200,4,100,50
101,2,3,104,104,2,102,3,4,3,100,105,3,100,105
102,3,4,101,2,3,102,3,4,3,100,105,4,100,50
