101,2,3,1,102,1,200,50
101,2,3,3,102,3,100,105
102,3,4,1,102,1,200,50
102,3,4,3,102,3,100,105
104,104,2,1,102,1,200,50
104,104,2,3,102,3,100,105
103,1,1,1,102,1,200,50
103,1,1,3,102,3,100,105
107,2,8,1,102,1,200,50
107,2,8,3,102,3,100,105