101,2,3,104,104,2
102,3,4,101,2,3
103,1,1,103,1,1
107,2,8,104,104,2
